Importation des capteurs ... 2 capteurs importÃ©s
Importation des mesures ... 8 mesures importÃ©es

Menu :
 1 : ConnaÃ®tre la qualitÃ© de lâ€™air sur une zone donnÃ©e
 2 : Identifier les zones ayant une qualitÃ© de lâ€™air similaire
 3 : ConnaÃ®tre la qualitÃ© de l'air en un point donnÃ©
 4 : Identifier les capteurs dÃ©fectueux
 5 : Quitter


Latitude : Longitude : Rayon : Date de dÃ©but au format YYYY-MM-DD : Date de fin au format YYYY-MM-DD : 
Analyse en cours ... 

[1m[37mCapteur(s) selectionnÃ©(s) : 

Sensor nÂ°0 | Distance au centre : 1568.52km
Sensor nÂ°1 | Distance au centre : 1648.41km

Nombre de mesures sur cette pÃ©riode de temps : 8

[1m[36mMoyenne 03 : 100 Âµg/m3 | Sous indice 03 : 4
Moyenne NO2 : 100 Âµg/m3 | Sous indice NO2 : 4
Moyenne SO2 : 100 Âµg/m3 | Sous indice SO2 : 3
Moyenne PM10 : 50 Âµg/m3 | Sous indice PM10 : 8

[1m[31mIndice ATMO : 8[0m

Analyse terminÃ©e.

Menu :
 1 : ConnaÃ®tre la qualitÃ© de lâ€™air sur une zone donnÃ©e
 2 : Identifier les zones ayant une qualitÃ© de lâ€™air similaire
 3 : ConnaÃ®tre la qualitÃ© de l'air en un point donnÃ©
 4 : Identifier les capteurs dÃ©fectueux
 5 : Quitter
