Importation des capteurs ... 1 capteurs importÃ©s
Importation des mesures ... 8 mesures importÃ©es

Menu :
 1 : ConnaÃ®tre la qualitÃ© de lâ€™air sur une zone donnÃ©e
 2 : Identifier les zones ayant une qualitÃ© de lâ€™air similaire
 3 : ConnaÃ®tre la qualitÃ© de l'air en un point donnÃ©
 4 : Identifier les capteurs dÃ©fectueux
 5 : Quitter



Analyse en cours ... 

[1m[37mNombre de capteurs dÃ©fectueux : 1

Sensor nÂ°0 | 4 mesures erronÃ©es [2017-01-01 -> 2017-01-01]
[0m
Analyse terminÃ©e.

Menu :
 1 : ConnaÃ®tre la qualitÃ© de lâ€™air sur une zone donnÃ©e
 2 : Identifier les zones ayant une qualitÃ© de lâ€™air similaire
 3 : ConnaÃ®tre la qualitÃ© de l'air en un point donnÃ©
 4 : Identifier les capteurs dÃ©fectueux
 5 : Quitter
